---
source: src/settings/difficulty.rs
expression: default_difficulty
---
technology_price_multiplier: 0.001
spoil_time_modifier: 0
