---
source: src/settings/asteroids.rs
expression: "AsteroidSettings::default()"
---
{
  "spawning_rate": 0.0,
  "max_ray_portals_expanded_per_tick": 0
}
