---
source: src/settings/asteroids.rs
expression: default_asteroids
---
spawning_rate: 0
max_ray_portals_expanded_per_tick: 0
