---
source: src/settings/enemy_expansion.rs
expression: "EnemyExpansionSettings::default()"
---
enabled: false
max_expansion_distance: 0
friendly_base_influence_radius: 0
enemy_building_influence_radius: 0
building_coefficient: 0
other_base_coefficient: 0
neighbouring_chunk_coefficient: 0
neighbouring_base_chunk_coefficient: 0
max_colliding_tiles_coefficient: 0
settler_group_min_size: 0
settler_group_max_size: 0
min_expansion_cooldown: 0
max_expansion_cooldown: 0
